---
http_interactions:
- request:
    method: get
    uri: https://cmr.earthdata.nasa.gov/search/concepts/C1000000000-LANCEAMSR2.json
    body:
      encoding: US-ASCII
      string: ''
    headers:
      User-Agent:
      - Faraday v0.9.2
      Client-Id:
      - eed-edsc-dev
      Echo-ClientId:
      - eed-edsc-dev
      Echo-Token:
      - edsc-access
      Accept:
      - application/vnd.nasa.cmr.umm_results+json; version=1.10
  recorded_at: Wed, 24 Oct 2018 18:00:37 GMT
  digest: '0186f196e305739b255aad8ae9b7f2f5695a0df5'
- request:
    method: get
    uri: https://cmr.earthdata.nasa.gov/search/concepts/C1000000000-SEDAC.json
    body:
      encoding: US-ASCII
      string: ''
    headers:
      User-Agent:
      - Faraday v0.9.2
      Client-Id:
      - eed-edsc-dev
      Echo-ClientId:
      - eed-edsc-dev
      Echo-Token:
      - edsc-access
      Accept:
      - application/vnd.nasa.cmr.umm_results+json; version=1.10
  recorded_at: Wed, 24 Oct 2018 18:01:45 GMT
  digest: 84e891ec21a9beac6c9d1b913c2e2968201d08e8
- request:
    method: get
    uri: https://cmr.earthdata.nasa.gov/search/concepts/C1000000220-SEDAC.json
    body:
      encoding: US-ASCII
      string: ''
    headers:
      User-Agent:
      - Faraday v0.9.2
      Client-Id:
      - eed-edsc-dev
      Echo-ClientId:
      - eed-edsc-dev
      Echo-Token:
      - edsc-access
      Accept:
      - application/vnd.nasa.cmr.umm_results+json; version=1.10
  recorded_at: Wed, 24 Oct 2018 18:01:38 GMT
  digest: 8fd08843262056ad4eb9c1f438e25ef942834ea1
- request:
    method: get
    uri: https://cmr.earthdata.nasa.gov/search/concepts/C1214305813-AU_AADC.umm_json
    body:
      encoding: US-ASCII
      string: ''
    headers:
      User-Agent:
      - Faraday v0.9.2
      Client-Id:
      - eed-edsc-dev
      Echo-ClientId:
      - eed-edsc-dev
      Accept:
      - application/vnd.nasa.cmr.umm_results+json; version=1.10
  recorded_at: Wed, 24 Oct 2018 17:59:22 GMT
  digest: 6da38e089afc4bc4eaff301c5ab1a4fa1ccf5338
- request:
    method: get
    uri: https://cmr.earthdata.nasa.gov/search/concepts/C1214560151-JAXA.umm_json
    body:
      encoding: US-ASCII
      string: ''
    headers:
      User-Agent:
      - Faraday v0.9.2
      Client-Id:
      - eed-edsc-dev
      Echo-ClientId:
      - eed-edsc-dev
      Accept:
      - application/vnd.nasa.cmr.umm_results+json; version=1.10
  recorded_at: Wed, 24 Oct 2018 18:18:33 GMT
  digest: 43bc01988fdcb417db4a7ad0bdde02eaa1e637f2
- request:
    method: get
    uri: https://cmr.earthdata.nasa.gov/search/concepts/C1214560374-JAXA.umm_json
    body:
      encoding: US-ASCII
      string: ''
    headers:
      User-Agent:
      - Faraday v0.9.2
      Client-Id:
      - eed-edsc-dev
      Echo-ClientId:
      - eed-edsc-dev
      Accept:
      - application/vnd.nasa.cmr.umm_results+json; version=1.10
  recorded_at: Wed, 24 Oct 2018 18:18:28 GMT
  digest: 6e578474bd83b19179e1205ff71d65baaaee75f5
- request:
    method: get
    uri: https://cmr.earthdata.nasa.gov/search/concepts/C1214560812-JAXA.umm_json
    body:
      encoding: US-ASCII
      string: ''
    headers:
      User-Agent:
      - Faraday v0.9.2
      Client-Id:
      - eed-edsc-dev
      Echo-ClientId:
      - eed-edsc-dev
      Accept:
      - application/vnd.nasa.cmr.umm_results+json; version=1.10
  recorded_at: Wed, 24 Oct 2018 18:18:56 GMT
  digest: 41f30ef5c1e6d22a517a9d42e98a9622da9e8be7
- request:
    method: get
    uri: https://cmr.earthdata.nasa.gov/search/concepts/C1220566654-USGS_LTA.umm_json
    body:
      encoding: US-ASCII
      string: ''
    headers:
      User-Agent:
      - Faraday v0.9.2
      Client-Id:
      - eed-edsc-dev
      Echo-ClientId:
      - eed-edsc-dev
      Accept:
      - application/vnd.nasa.cmr.umm_results+json; version=1.10
  recorded_at: Wed, 24 Oct 2018 18:15:52 GMT
  digest: dcf4934db376f601d6711b1d6215ecd1c25ce8a4
- request:
    method: get
    uri: https://cmr.earthdata.nasa.gov/search/concepts/C1297504182-LARC.umm_json
    body:
      encoding: US-ASCII
      string: ''
    headers:
      User-Agent:
      - Faraday v0.9.2
      Client-Id:
      - eed-edsc-dev
      Echo-ClientId:
      - eed-edsc-dev
      Accept:
      - application/vnd.nasa.cmr.umm_results+json; version=1.10
  recorded_at: Wed, 24 Oct 2018 18:18:36 GMT
  digest: 607632862ad57d3d28f5a7b543b00090bab4a6e5
- request:
    method: get
    uri: https://cmr.earthdata.nasa.gov/search/concepts/C1443533440-LAADS.umm_json
    body:
      encoding: US-ASCII
      string: ''
    headers:
      User-Agent:
      - Faraday v0.9.2
      Client-Id:
      - eed-edsc-dev
      Echo-ClientId:
      - eed-edsc-dev
      Accept:
      - application/vnd.nasa.cmr.umm_results+json; version=1.10
  recorded_at: Wed, 24 Oct 2018 18:19:17 GMT
  digest: 67c661514f3932c45143fc702a22ff03d8c8101b
- request:
    method: get
    uri: https://cmr.earthdata.nasa.gov/search/concepts/C14758250-LPDAAC_ECS.json
    body:
      encoding: US-ASCII
      string: ''
    headers:
      User-Agent:
      - Faraday v0.9.2
      Client-Id:
      - eed-edsc-dev
      Echo-ClientId:
      - eed-edsc-dev
      Echo-Token:
      - edsc-access
      Accept:
      - application/vnd.nasa.cmr.umm_results+json; version=1.10
  recorded_at: Wed, 24 Oct 2018 18:00:37 GMT
  digest: b11fd2353ff2f4f5ae3c02897aa38976f2bf744f
- request:
    method: get
    uri: https://cmr.earthdata.nasa.gov/search/concepts/C179001707-SEDAC.json
    body:
      encoding: US-ASCII
      string: ''
    headers:
      User-Agent:
      - Faraday v0.9.2
      Client-Id:
      - eed-edsc-dev
      Echo-ClientId:
      - eed-edsc-dev
      Echo-Token:
      - edsc-access
      Accept:
      - application/vnd.nasa.cmr.umm_results+json; version=1.10
  recorded_at: Wed, 24 Oct 2018 18:01:41 GMT
  digest: 0c4604a71a97f0cf75b176249a8483e4bd5ad1c5
- request:
    method: get
    uri: https://cmr.earthdata.nasa.gov/search/concepts/C179001887-SEDAC.json
    body:
      encoding: US-ASCII
      string: ''
    headers:
      User-Agent:
      - Faraday v0.9.2
      Client-Id:
      - eed-edsc-dev
      Echo-ClientId:
      - eed-edsc-dev
      Echo-Token:
      - edsc-access
      Accept:
      - application/vnd.nasa.cmr.umm_results+json; version=1.10
  recorded_at: Wed, 24 Oct 2018 18:01:36 GMT
  digest: 33f993fcdb5b51172408fba807b345c435235671
- request:
    method: get
    uri: https://cmr.earthdata.nasa.gov/search/concepts/C179001889-SEDAC.json
    body:
      encoding: US-ASCII
      string: ''
    headers:
      User-Agent:
      - Faraday v0.9.2
      Client-Id:
      - eed-edsc-dev
      Echo-ClientId:
      - eed-edsc-dev
      Echo-Token:
      - edsc-access
      Accept:
      - application/vnd.nasa.cmr.umm_results+json; version=1.10
  recorded_at: Wed, 24 Oct 2018 18:01:40 GMT
  digest: 23f7dd4583c54926941e03d41615b0bfe6566895
- request:
    method: get
    uri: https://cmr.earthdata.nasa.gov/search/concepts/C179001967-SEDAC.json
    body:
      encoding: US-ASCII
      string: ''
    headers:
      User-Agent:
      - Faraday v0.9.2
      Client-Id:
      - eed-edsc-dev
      Echo-ClientId:
      - eed-edsc-dev
      Echo-Token:
      - edsc-access
      Accept:
      - application/vnd.nasa.cmr.umm_results+json; version=1.10
  recorded_at: Wed, 24 Oct 2018 18:01:39 GMT
  digest: dcd4943d49f65312dc70e2c1a641c786ee8224c1
- request:
    method: get
    uri: https://cmr.earthdata.nasa.gov/search/concepts/C179002107-SEDAC.json
    body:
      encoding: US-ASCII
      string: ''
    headers:
      User-Agent:
      - Faraday v0.9.2
      Client-Id:
      - eed-edsc-dev
      Echo-ClientId:
      - eed-edsc-dev
      Echo-Token:
      - edsc-access
      Accept:
      - application/vnd.nasa.cmr.umm_results+json; version=1.10
  recorded_at: Wed, 24 Oct 2018 18:01:44 GMT
  digest: 0c4732831bd7c4253364ef2846565b482c4f8e4a
- request:
    method: get
    uri: https://cmr.earthdata.nasa.gov/search/concepts/C179002147-SEDAC.json
    body:
      encoding: US-ASCII
      string: ''
    headers:
      User-Agent:
      - Faraday v0.9.2
      Client-Id:
      - eed-edsc-dev
      Echo-ClientId:
      - eed-edsc-dev
      Echo-Token:
      - edsc-access
      Accept:
      - application/vnd.nasa.cmr.umm_results+json; version=1.10
  recorded_at: Wed, 24 Oct 2018 18:01:43 GMT
  digest: dbc6ba5bf82e6357fe31ac908623bbbb6afcadd5
- request:
    method: get
    uri: https://cmr.earthdata.nasa.gov/search/concepts/C179002914-ORNL_DAAC.umm_json
    body:
      encoding: US-ASCII
      string: ''
    headers:
      User-Agent:
      - Faraday v0.9.2
      Client-Id:
      - eed-edsc-dev
      Echo-ClientId:
      - eed-edsc-dev
      Echo-Token:
      - edsc-access
      Accept:
      - application/vnd.nasa.cmr.umm_results+json; version=1.10
  recorded_at: Wed, 24 Oct 2018 22:45:31 GMT
  digest: f35dd2759d63395b158d11318101d00924e54699
- request:
    method: get
    uri: https://cmr.earthdata.nasa.gov/search/concepts/C179003030-ORNL_DAAC.json
    body:
      encoding: US-ASCII
      string: ''
    headers:
      User-Agent:
      - Faraday v0.9.2
      Client-Id:
      - eed-edsc-dev
      Echo-ClientId:
      - eed-edsc-dev
      Echo-Token:
      - edsc-access
      Accept:
      - application/vnd.nasa.cmr.umm_results+json; version=1.10
  recorded_at: Wed, 24 Oct 2018 17:58:49 GMT
  digest: 675de1629ce16857e0c3e527e4f86b51d9243124
- request:
    method: get
    uri: https://cmr.earthdata.nasa.gov/search/concepts/C179003030-ORNL_DAAC.umm_json
    body:
      encoding: US-ASCII
      string: ''
    headers:
      User-Agent:
      - Faraday v0.9.2
      Client-Id:
      - eed-edsc-dev
      Echo-ClientId:
      - eed-edsc-dev
      Accept:
      - application/vnd.nasa.cmr.umm_results+json; version=1.10
  recorded_at: Wed, 24 Oct 2018 18:04:59 GMT
  digest: f984d1e447f2efd2e3b1be8d03491448bda97984
- request:
    method: get
    uri: https://cmr.earthdata.nasa.gov/search/concepts/C179003620-ORNL_DAAC.umm_json
    body:
      encoding: US-ASCII
      string: ''
    headers:
      User-Agent:
      - Faraday v0.9.2
      Client-Id:
      - eed-edsc-dev
      Echo-ClientId:
      - eed-edsc-dev
      Echo-Token:
      - edsc-access
      Accept:
      - application/vnd.nasa.cmr.umm_results+json; version=1.10
  recorded_at: Wed, 24 Oct 2018 18:03:26 GMT
  digest: dfbf2c4881dbb7e7a81a48e3995ab0b9618ad3d8
- request:
    method: get
    uri: https://cmr.earthdata.nasa.gov/search/concepts/C197265171-LPDAAC_ECS.umm_json
    body:
      encoding: US-ASCII
      string: ''
    headers:
      User-Agent:
      - Faraday v0.9.2
      Client-Id:
      - eed-edsc-dev
      Echo-ClientId:
      - eed-edsc-dev
      Accept:
      - application/vnd.nasa.cmr.umm_results+json; version=1.10
  recorded_at: Wed, 24 Oct 2018 18:19:19 GMT
  digest: 9c2cee2ee77d164b06dea319e8214682d822aa55
- request:
    method: get
    uri: https://cmr.earthdata.nasa.gov/search/concepts/C92711294-NSIDC_ECS.umm_json
    body:
      encoding: US-ASCII
      string: ''
    headers:
      User-Agent:
      - Faraday v0.9.2
      Client-Id:
      - eed-edsc-dev
      Echo-ClientId:
      - eed-edsc-dev
      Accept:
      - application/vnd.nasa.cmr.umm_results+json; version=1.10
  recorded_at: Wed, 24 Oct 2018 18:23:10 GMT
  digest: 692c88b531c4aff38c334bf523a6ba38a71c4c1f
- request:
    method: get
    uri: https://cmr.earthdata.nasa.gov/search/concepts/G1422671947-ORNL_DAAC.echo10
    body:
      encoding: US-ASCII
      string: ''
    headers:
      User-Agent:
      - Faraday v0.9.2
      Client-Id:
      - eed-edsc-dev
      Echo-ClientId:
      - eed-edsc-dev
  recorded_at: Wed, 24 Oct 2018 18:04:42 GMT
  digest: 1c5f6e248a5d239e63f6925e1d022cdfc37edab2
- request:
    method: get
    uri: https://cmr.sit.earthdata.nasa.gov/search/concepts/C1000000082-EDF_OPS.json
    body:
      encoding: US-ASCII
      string: ''
    headers:
      User-Agent:
      - Faraday v0.9.2
      Client-Id:
      - eed-edsc-dev
      Echo-ClientId:
      - eed-edsc-dev
      Echo-Token:
      - edsc-access
      Accept:
      - application/vnd.nasa.cmr.umm_results+json; version=1.10
  recorded_at: Wed, 24 Oct 2018 17:57:14 GMT
  digest: 17b6efbd3ef4bcaeaa6544b36e59c46e3b9f38ff
- request:
    method: get
    uri: https://cmr.sit.earthdata.nasa.gov/search/concepts/C1000000257-DEV07.umm_json
    body:
      encoding: US-ASCII
      string: ''
    headers:
      User-Agent:
      - Faraday v0.9.2
      Client-Id:
      - eed-edsc-dev
      Echo-ClientId:
      - eed-edsc-dev
      Echo-Token:
      - edsc-access
      Accept:
      - application/vnd.nasa.cmr.umm_results+json; version=1.10
  recorded_at: Wed, 24 Oct 2018 17:59:19 GMT
  digest: a0c62e52dff6a1d1d254ed6c613e732bdb6590a1
- request:
    method: get
    uri: https://cmr.sit.earthdata.nasa.gov/search/concepts/C1000000739-DEV08.json
    body:
      encoding: US-ASCII
      string: ''
    headers:
      User-Agent:
      - Faraday v0.9.2
      Client-Id:
      - eed-edsc-dev
      Echo-ClientId:
      - eed-edsc-dev
      Echo-Token:
      - edsc-access
      Accept:
      - application/vnd.nasa.cmr.umm_results+json; version=1.10
  recorded_at: Wed, 24 Oct 2018 17:57:22 GMT
  digest: 022ae02d1cb98c7736784372d15fdaf73d5b5d01
- request:
    method: get
    uri: https://cmr.sit.earthdata.nasa.gov/search/concepts/C1000000969-DEV08.json
    body:
      encoding: US-ASCII
      string: ''
    headers:
      User-Agent:
      - Faraday v0.9.2
      Client-Id:
      - eed-edsc-dev
      Echo-ClientId:
      - eed-edsc-dev
      Echo-Token:
      - edsc-access
      Accept:
      - application/vnd.nasa.cmr.umm_results+json; version=1.10
  recorded_at: Wed, 24 Oct 2018 17:59:49 GMT
  digest: 1d31084831e778e6bc2cfdf19cd496503faf2d8a
- request:
    method: get
    uri: https://cmr.sit.earthdata.nasa.gov/search/concepts/C1200187767-EDF_OPS.json
    body:
      encoding: US-ASCII
      string: ''
    headers:
      User-Agent:
      - Faraday v0.9.2
      Client-Id:
      - eed-edsc-dev
      Echo-ClientId:
      - eed-edsc-dev
      Echo-Token:
      - edsc-access
      Accept:
      - application/vnd.nasa.cmr.umm_results+json; version=1.10
  recorded_at: Wed, 24 Oct 2018 17:59:12 GMT
  digest: 7425e8ad3171c26bb6c3f25ad01eba2c9543308b
- request:
    method: get
    uri: https://cmr.sit.earthdata.nasa.gov/search/concepts/C1200230663-MMT_1.umm_json
    body:
      encoding: US-ASCII
      string: ''
    headers:
      User-Agent:
      - Faraday v0.9.2
      Client-Id:
      - eed-edsc-dev
      Echo-ClientId:
      - eed-edsc-dev
      Accept:
      - application/vnd.nasa.cmr.umm_results+json; version=1.10
  recorded_at: Wed, 24 Oct 2018 18:18:13 GMT
  digest: d310609ffc896f5e046bb27739bcca14b58d48a1
- request:
    method: get
    uri: https://cmr.sit.earthdata.nasa.gov/search/concepts/C1200235634-EDF_DEV06.umm_json
    body:
      encoding: US-ASCII
      string: ''
    headers:
      User-Agent:
      - Faraday v0.9.2
      Client-Id:
      - eed-edsc-dev
      Echo-ClientId:
      - eed-edsc-dev
      Accept:
      - application/vnd.nasa.cmr.umm_results+json; version=1.10
  recorded_at: Wed, 24 Oct 2018 18:18:08 GMT
  digest: e4ff01a1c2f2cff9169bb57b7ea1e6eea232d097
- request:
    method: get
    uri: https://cmr.sit.earthdata.nasa.gov/search/concepts/C1200240776-DEV08.json
    body:
      encoding: US-ASCII
      string: ''
    headers:
      User-Agent:
      - Faraday v0.9.2
      Client-Id:
      - eed-edsc-dev
      Echo-ClientId:
      - eed-edsc-dev
      Echo-Token:
      - edsc-access
      Accept:
      - application/vnd.nasa.cmr.umm_results+json; version=1.10
  recorded_at: Wed, 24 Oct 2018 18:20:37 GMT
  digest: 7e8000dc95ecbad4c16df6dd0144c3711114b5ad
- request:
    method: get
    uri: https://cmr.sit.earthdata.nasa.gov/search/concepts/C24936-LAADS.umm_json
    body:
      encoding: US-ASCII
      string: ''
    headers:
      User-Agent:
      - Faraday v0.9.2
      Client-Id:
      - eed-edsc-dev
      Echo-ClientId:
      - eed-edsc-dev
      Accept:
      - application/vnd.nasa.cmr.umm_results+json; version=1.10
  recorded_at: Wed, 24 Oct 2018 17:59:29 GMT
  digest: 490926cf2d696f1eadf74beb0f30054ce8a2bedd
- request:
    method: get
    uri: https://cmr.uat.earthdata.nasa.gov/search/concepts/C1216127793-EDF_OPS.json
    body:
      encoding: US-ASCII
      string: ''
    headers:
      User-Agent:
      - Faraday v0.9.2
      Client-Id:
      - eed-edsc-dev
      Echo-ClientId:
      - eed-edsc-dev
      Echo-Token:
      - edsc-access
      Accept:
      - application/vnd.nasa.cmr.umm_results+json; version=1.10
  recorded_at: Wed, 24 Oct 2018 18:22:55 GMT
  digest: 254b5987b40324f51db960f7b732ebf3e27bbfd5
- request:
    method: get
    uri: https://cmr.uat.earthdata.nasa.gov/search/concepts/C1216393716-EDF_OPS.umm_json
    body:
      encoding: US-ASCII
      string: ''
    headers:
      User-Agent:
      - Faraday v0.9.2
      Client-Id:
      - eed-edsc-dev
      Echo-ClientId:
      - eed-edsc-dev
      Echo-Token:
      - edsc-access
      Accept:
      - application/vnd.nasa.cmr.umm_results+json; version=1.10
  recorded_at: Wed, 24 Oct 2018 18:19:09 GMT
  digest: 020fee1d7a7c4d91cee00e6fdbfafd19a33ce183
recorded_with: VCR 2.6.0
